\BOOKMARK [1][-]{Item.3}{\376\377\000R\000e\000s\000u\000m\000o}{}% 1
\BOOKMARK [1][-]{Item.3}{\376\377\000A\000b\000s\000t\000r\000a\000c\000t}{}% 2
\BOOKMARK [0][-]{chapter.1}{\376\377\000I\000N\000T\000R\000O\000D\000U\000\307\000\303\000O}{}% 3
\BOOKMARK [1][-]{section.1.1}{\376\377\000O\000B\000J\000E\000T\000I\000V\000O\000S}{chapter.1}% 4
\BOOKMARK [2][-]{subsection.1.1.1}{\376\377\000O\000b\000j\000e\000t\000i\000v\000o\000\040\000g\000e\000r\000a\000l}{section.1.1}% 5
\BOOKMARK [2][-]{subsection.1.1.2}{\376\377\000O\000b\000j\000e\000t\000i\000v\000o\000s\000\040\000e\000s\000p\000e\000c\000\355\000f\000i\000c\000o\000s}{section.1.1}% 6
\BOOKMARK [1][-]{section.1.2}{\376\377\000C\000E\000N\000\301\000R\000I\000O\000S\000\040\000D\000E\000\040\000A\000P\000L\000I\000C\000A\000\307\000\303\000O}{chapter.1}% 7
\BOOKMARK [1][-]{section.1.3}{\376\377\000E\000S\000T\000R\000U\000T\000U\000R\000A\000\040\000D\000O\000\040\000T\000R\000A\000B\000A\000L\000H\000O}{chapter.1}% 8
\BOOKMARK [0][-]{chapter.2}{\376\377\000R\000E\000F\000E\000R\000E\000N\000C\000I\000A\000L\000\040\000T\000E\000\323\000R\000I\000C\000O}{}% 9
\BOOKMARK [1][-]{section.2.1}{\376\377\000I\000n\000t\000e\000r\000n\000e\000t\000\040\000d\000a\000s\000\040\000C\000o\000i\000s\000a\000s\000\040\000e\000\040\000R\000e\000d\000e\000s\000\040\000d\000e\000\040\000S\000e\000n\000s\000o\000r\000e\000s\000\040\000S\000e\000m\000\040\000F\000i\000o}{chapter.2}% 10
\BOOKMARK [1][-]{section.2.2}{\376\377\000O\000\040\000M\000i\000c\000r\000o\000c\000o\000n\000t\000r\000o\000l\000a\000d\000o\000r\000\040\000E\000S\000P\0003\0002}{chapter.2}% 11
\BOOKMARK [1][-]{section.2.3}{\376\377\000O\000\040\000P\000r\000o\000t\000o\000c\000o\000l\000o\000\040\000E\000S\000P\000-\000N\000O\000W}{chapter.2}% 12
\BOOKMARK [2][-]{subsection.2.3.1}{\376\377\000C\000a\000r\000a\000c\000t\000e\000r\000\355\000s\000t\000i\000c\000a\000s\000\040\000t\000\351\000c\000n\000i\000c\000a\000s}{section.2.3}% 13
\BOOKMARK [2][-]{subsection.2.3.2}{\376\377\000D\000e\000s\000e\000m\000p\000e\000n\000h\000o\000\040\000e\000\040\000a\000l\000c\000a\000n\000c\000e}{section.2.3}% 14
\BOOKMARK [2][-]{subsection.2.3.3}{\376\377\000C\000o\000n\000f\000i\000r\000m\000a\000\347\000\343\000o\000\040\000d\000e\000\040\000e\000n\000l\000a\000c\000e\000\040\000e\000\040\000r\000e\000t\000r\000a\000n\000s\000m\000i\000s\000s\000\365\000e\000s}{section.2.3}% 15
\BOOKMARK [2][-]{subsection.2.3.4}{\376\377\000L\000i\000m\000i\000t\000a\000\347\000\365\000e\000s\000\040\000p\000a\000r\000a\000\040\000c\000o\000m\000u\000n\000i\000c\000a\000\347\000\343\000o\000\040\000m\000u\000l\000t\000i\000-\000h\000o\000p}{section.2.3}% 16
\BOOKMARK [1][-]{section.2.4}{\376\377\000R\000e\000d\000e\000s\000\040\000M\000e\000s\000h\000\040\000e\000\040\000P\000r\000o\000t\000o\000c\000o\000l\000o\000s\000\040\000d\000e\000\040\000R\000o\000t\000e\000a\000m\000e\000n\000t\000o\000\040\000A\000d\000-\000H\000o\000c}{chapter.2}% 17
\BOOKMARK [2][-]{subsection.2.4.1}{\376\377\000C\000o\000n\000c\000e\000i\000t\000o\000s\000\040\000f\000u\000n\000d\000a\000m\000e\000n\000t\000a\000i\000s\000\040\000d\000e\000\040\000r\000e\000d\000e\000s\000\040\000m\000e\000s\000h}{section.2.4}% 18
\BOOKMARK [2][-]{subsection.2.4.2}{\376\377\000C\000l\000a\000s\000s\000i\000f\000i\000c\000a\000\347\000\343\000o\000\040\000d\000o\000s\000\040\000p\000r\000o\000t\000o\000c\000o\000l\000o\000s\000\040\000d\000e\000\040\000r\000o\000t\000e\000a\000m\000e\000n\000t\000o}{section.2.4}% 19
\BOOKMARK [2][-]{subsection.2.4.3}{\376\377\000S\000o\000l\000u\000\347\000\365\000e\000s\000\040\000e\000x\000i\000s\000t\000e\000n\000t\000e\000s\000\040\000d\000e\000\040\000m\000e\000s\000h\000\040\000p\000a\000r\000a\000\040\000E\000S\000P\0003\0002}{section.2.4}% 20
\BOOKMARK [1][-]{section.2.5}{\376\377\000O\000\040\000P\000r\000o\000t\000o\000c\000o\000l\000o\000\040\000A\000O\000D\000V}{chapter.2}% 21
\BOOKMARK [2][-]{subsection.2.5.1}{\376\377\000M\000e\000n\000s\000a\000g\000e\000n\000s\000\040\000d\000e\000\040\000c\000o\000n\000t\000r\000o\000l\000e}{section.2.5}% 22
\BOOKMARK [2][-]{subsection.2.5.2}{\376\377\000P\000r\000o\000c\000e\000s\000s\000o\000\040\000d\000e\000\040\000d\000e\000s\000c\000o\000b\000e\000r\000t\000a\000\040\000d\000e\000\040\000r\000o\000t\000a\000s}{section.2.5}% 23
\BOOKMARK [2][-]{subsection.2.5.3}{\376\377\000N\000\372\000m\000e\000r\000o\000s\000\040\000d\000e\000\040\000s\000e\000q\000u\000\352\000n\000c\000i\000a\000\040\000e\000\040\000p\000r\000e\000v\000e\000n\000\347\000\343\000o\000\040\000d\000e\000\040\000l\000o\000o\000p\000s}{section.2.5}% 24
\BOOKMARK [2][-]{subsection.2.5.4}{\376\377\000M\000a\000n\000u\000t\000e\000n\000\347\000\343\000o\000\040\000d\000e\000\040\000r\000o\000t\000a\000s\000\040\000e\000\040\000t\000r\000a\000t\000a\000m\000e\000n\000t\000o\000\040\000d\000e\000\040\000f\000a\000l\000h\000a\000s}{section.2.5}% 25
\BOOKMARK [2][-]{subsection.2.5.5}{\376\377\000P\000a\000r\000\342\000m\000e\000t\000r\000o\000s\000\040\000d\000e\000\040\000c\000o\000n\000f\000i\000g\000u\000r\000a\000\347\000\343\000o}{section.2.5}% 26
\BOOKMARK [1][-]{section.2.6}{\376\377\000S\000e\000g\000u\000r\000a\000n\000\347\000a\000\040\000e\000m\000\040\000R\000o\000t\000e\000a\000m\000e\000n\000t\000o\000\040\000A\000d\000-\000H\000o\000c}{chapter.2}% 27
\BOOKMARK [0][-]{chapter.3}{\376\377\000M\000E\000T\000O\000D\000O\000L\000O\000G\000I\000A}{}% 28
\BOOKMARK [1][-]{section.3.1}{\376\377\000C\000a\000r\000a\000c\000t\000e\000r\000i\000z\000a\000\347\000\343\000o\000\040\000d\000a\000\040\000P\000e\000s\000q\000u\000i\000s\000a}{chapter.3}% 29
\BOOKMARK [1][-]{section.3.2}{\376\377\000D\000e\000s\000i\000g\000n\000\040\000S\000c\000i\000e\000n\000c\000e\000\040\000R\000e\000s\000e\000a\000r\000c\000h}{chapter.3}% 30
\BOOKMARK [2][-]{subsection.3.2.1}{\376\377\000F\000u\000n\000d\000a\000m\000e\000n\000t\000o\000s\000\040\000d\000a\000\040\000D\000S\000R}{section.3.2}% 31
\BOOKMARK [2][-]{subsection.3.2.2}{\376\377\000J\000u\000s\000t\000i\000f\000i\000c\000a\000t\000i\000v\000a\000\040\000d\000a\000\040\000e\000s\000c\000o\000l\000h\000a\000\040\000d\000a\000\040\000D\000S\000R}{section.3.2}% 32
\BOOKMARK [1][-]{section.3.3}{\376\377\000M\000a\000p\000e\000a\000m\000e\000n\000t\000o\000\040\000d\000a\000s\000\040\000F\000a\000s\000e\000s\000\040\000d\000o\000\040\000T\000r\000a\000b\000a\000l\000h\000o\000\040\000\340\000s\000\040\000E\000t\000a\000p\000a\000s\000\040\000d\000a\000\040\000D\000S\000R}{chapter.3}% 33
\BOOKMARK [2][-]{subsection.3.3.1}{\376\377\000F\000a\000s\000e\000\040\0001\000:\000\040\000R\000e\000v\000i\000s\000\343\000o\000\040\000B\000i\000b\000l\000i\000o\000g\000r\000\341\000f\000i\000c\000a}{section.3.3}% 34
\BOOKMARK [2][-]{subsection.3.3.2}{\376\377\000F\000a\000s\000e\000\040\0002\000:\000\040\000P\000r\000o\000j\000e\000t\000o\000\040\000d\000o\000\040\000A\000l\000g\000o\000r\000i\000t\000m\000o\000\040\000A\000O\000D\000V\000-\000E\000N}{section.3.3}% 35
\BOOKMARK [2][-]{subsection.3.3.3}{\376\377\000F\000a\000s\000e\000\040\0003\000:\000\040\000I\000m\000p\000l\000e\000m\000e\000n\000t\000a\000\347\000\343\000o\000\040\000e\000\040\000M\000o\000n\000t\000a\000g\000e\000m\000\040\000d\000o\000\040\000A\000m\000b\000i\000e\000n\000t\000e\000\040\000d\000e\000\040\000T\000e\000s\000t\000e\000s}{section.3.3}% 36
\BOOKMARK [2][-]{subsection.3.3.4}{\376\377\000F\000a\000s\000e\000\040\0004\000:\000\040\000E\000x\000e\000c\000u\000\347\000\343\000o\000\040\000d\000o\000s\000\040\000E\000x\000p\000e\000r\000i\000m\000e\000n\000t\000o\000s\000\040\000e\000\040\000C\000o\000l\000e\000t\000a\000\040\000d\000e\000\040\000D\000a\000d\000o\000s}{section.3.3}% 37
\BOOKMARK [2][-]{subsection.3.3.5}{\376\377\000F\000a\000s\000e\000\040\0005\000:\000\040\000A\000n\000\341\000l\000i\000s\000e\000\040\000e\000\040\000D\000i\000s\000c\000u\000s\000s\000\343\000o\000\040\000d\000o\000s\000\040\000R\000e\000s\000u\000l\000t\000a\000d\000o\000s}{section.3.3}% 38
\BOOKMARK [1][-]{section.3.4}{\376\377\000P\000l\000a\000n\000e\000j\000a\000m\000e\000n\000t\000o\000\040\000E\000x\000p\000e\000r\000i\000m\000e\000n\000t\000a\000l}{chapter.3}% 39
\BOOKMARK [2][-]{subsection.3.4.1}{\376\377\000C\000e\000n\000\341\000r\000i\000o\000s\000\040\000e\000x\000p\000e\000r\000i\000m\000e\000n\000t\000a\000i\000s}{section.3.4}% 40
\BOOKMARK [2][-]{subsection.3.4.2}{\376\377\000P\000a\000r\000\342\000m\000e\000t\000r\000o\000s\000\040\000d\000o\000s\000\040\000e\000x\000p\000e\000r\000i\000m\000e\000n\000t\000o\000s}{section.3.4}% 41
\BOOKMARK [1][-]{section.3.5}{\376\377\000M\000\351\000t\000r\000i\000c\000a\000s\000\040\000d\000e\000\040\000A\000v\000a\000l\000i\000a\000\347\000\343\000o}{chapter.3}% 42
\BOOKMARK [1][-]{section.3.6}{\376\377\000A\000l\000g\000o\000r\000i\000t\000m\000o\000\040\000d\000e\000\040\000R\000e\000f\000e\000r\000\352\000n\000c\000i\000a\000\040\000p\000a\000r\000a\000\040\000C\000o\000m\000p\000a\000r\000a\000\347\000\343\000o\000:\000\040\000F\000l\000o\000o\000d\000i\000n\000g}{chapter.3}% 43
\BOOKMARK [2][-]{subsection.3.6.1}{\376\377\000E\000s\000p\000e\000c\000i\000f\000i\000c\000a\000\347\000\343\000o\000\040\000d\000o\000\040\000a\000l\000g\000o\000r\000i\000t\000m\000o\000\040\000F\000l\000o\000o\000d\000i\000n\000g}{section.3.6}% 44
\BOOKMARK [2][-]{subsection.3.6.2}{\376\377\000J\000u\000s\000t\000i\000f\000i\000c\000a\000t\000i\000v\000a\000\040\000d\000a\000\040\000e\000s\000c\000o\000l\000h\000a\000\040\000d\000o\000\040\000F\000l\000o\000o\000d\000i\000n\000g\000\040\000c\000o\000m\000o\000\040\000a\000l\000g\000o\000r\000i\000t\000m\000o\000\040\000d\000e\000\040\000r\000e\000f\000e\000r\000\352\000n\000c\000i\000a}{section.3.6}% 45
\BOOKMARK [1][-]{section.3.7}{\376\377\000P\000r\000o\000c\000e\000d\000i\000m\000e\000n\000t\000o\000\040\000d\000e\000\040\000E\000x\000e\000c\000u\000\347\000\343\000o\000\040\000e\000\040\000C\000o\000l\000e\000t\000a}{chapter.3}% 46
\BOOKMARK [2][-]{subsection.3.7.1}{\376\377\000C\000o\000n\000s\000t\000r\000u\000\347\000\343\000o\000\040\000e\000\040\000v\000e\000r\000i\000f\000i\000c\000a\000\347\000\343\000o\000\040\000d\000a\000\040\000t\000o\000p\000o\000l\000o\000g\000i\000a\000\040\000f\000\355\000s\000i\000c\000a}{section.3.7}% 47
\BOOKMARK [2][-]{subsection.3.7.2}{\376\377\000T\000e\000l\000e\000m\000e\000t\000r\000i\000a\000\040\000e\000m\000\040\000b\000a\000n\000d\000a\000\040\000e\000\040\000c\000o\000l\000e\000t\000a\000\040\000p\000o\000r\000\040\000n\000\363\000\040\000\372\000n\000i\000c\000o}{section.3.7}% 48
\BOOKMARK [2][-]{subsection.3.7.3}{\376\377\000M\000e\000d\000i\000\347\000\343\000o\000\040\000d\000e\000\040\000l\000a\000t\000\352\000n\000c\000i\000a}{section.3.7}% 49
\BOOKMARK [2][-]{subsection.3.7.4}{\376\377\000A\000u\000t\000o\000m\000a\000\347\000\343\000o\000\040\000d\000a\000\040\000c\000a\000m\000p\000a\000n\000h\000a\000\040\000e\000\040\000a\000g\000r\000e\000g\000a\000\347\000\343\000o\000\040\000e\000s\000t\000a\000t\000\355\000s\000t\000i\000c\000a}{section.3.7}% 50
\BOOKMARK [2][-]{subsection.3.7.5}{\376\377\000F\000e\000r\000r\000a\000m\000e\000n\000t\000a\000s\000\040\000d\000e\000\040\000i\000n\000s\000t\000r\000u\000m\000e\000n\000t\000a\000\347\000\343\000o\000\040\000d\000e\000s\000e\000n\000v\000o\000l\000v\000i\000d\000a\000s}{section.3.7}% 51
\BOOKMARK [1][-]{section.3.8}{\376\377\000C\000o\000l\000e\000t\000a\000\040\000e\000\040\000A\000n\000\341\000l\000i\000s\000e\000\040\000d\000o\000s\000\040\000D\000a\000d\000o\000s}{chapter.3}% 52
\BOOKMARK [1][-]{section.3.9}{\376\377\000A\000m\000e\000a\000\347\000a\000s\000\040\000\340\000\040\000V\000a\000l\000i\000d\000a\000d\000e}{chapter.3}% 53
\BOOKMARK [0][-]{chapter.4}{\376\377\000P\000R\000O\000J\000E\000T\000O\000\040\000E\000\040\000I\000M\000P\000L\000E\000M\000E\000N\000T\000A\000\307\000\303\000O\000\040\000D\000O\000\040\000A\000L\000G\000O\000R\000I\000T\000M\000O\000\040\000A\000O\000D\000V\000-\000E\000N}{}% 54
\BOOKMARK [1][-]{section.4.1}{\376\377\000V\000i\000s\000\343\000o\000\040\000G\000e\000r\000a\000l\000\040\000d\000a\000\040\000A\000r\000q\000u\000i\000t\000e\000t\000u\000r\000a\000\040\000d\000o\000\040\000A\000O\000D\000V\000-\000E\000N}{chapter.4}% 55
\BOOKMARK [1][-]{section.4.2}{\376\377\000D\000e\000c\000i\000s\000\365\000e\000s\000\040\000d\000e\000\040\000P\000r\000o\000j\000e\000t\000o\000\040\000d\000o\000\040\000A\000O\000D\000V\000-\000E\000N}{chapter.4}% 56
\BOOKMARK [2][-]{subsection.4.2.1}{\376\377\000G\000e\000r\000e\000n\000c\000i\000a\000m\000e\000n\000t\000o\000\040\000d\000e\000\040\000p\000e\000e\000r\000s\000\040\000c\000o\000m\000\040\000p\000o\000l\000\355\000t\000i\000c\000a\000\040\000L\000R\000U}{section.4.2}% 57
\BOOKMARK [2][-]{subsection.4.2.2}{\376\377\000F\000l\000o\000o\000d\000i\000n\000g\000\040\000c\000o\000n\000t\000r\000o\000l\000a\000d\000o\000\040\000s\000o\000b\000r\000e\000\040\000b\000r\000o\000a\000d\000c\000a\000s\000t\000\040\000d\000e\000\040\000e\000n\000l\000a\000c\000e}{section.4.2}% 58
\BOOKMARK [2][-]{subsection.4.2.3}{\376\377\000M\000\351\000t\000r\000i\000c\000a\000\040\000h\000\355\000b\000r\000i\000d\000a\000\040\000d\000e\000\040\000r\000o\000t\000e\000a\000m\000e\000n\000t\000o}{section.4.2}% 59
\BOOKMARK [2][-]{subsection.4.2.4}{\376\377\000E\000s\000t\000i\000m\000a\000t\000i\000v\000a\000\040\000d\000e\000\040\000c\000o\000n\000s\000u\000m\000o\000\040\000e\000n\000e\000r\000g\000\351\000t\000i\000c\000o}{section.4.2}% 60
\BOOKMARK [1][-]{section.4.3}{\376\377\000E\000s\000t\000r\000u\000t\000u\000r\000a\000\040\000M\000o\000d\000u\000l\000a\000r\000\040\000d\000a\000\040\000I\000m\000p\000l\000e\000m\000e\000n\000t\000a\000\347\000\343\000o}{chapter.4}% 61
\BOOKMARK [1][-]{section.4.4}{\376\377\000E\000s\000t\000r\000u\000t\000u\000r\000a\000s\000\040\000d\000e\000\040\000D\000a\000d\000o\000s\000\040\000U\000t\000i\000l\000i\000z\000a\000d\000a\000s}{chapter.4}% 62
\BOOKMARK [2][-]{subsection.4.4.1}{\376\377\000T\000a\000b\000e\000l\000a\000\040\000d\000e\000\040\000R\000o\000t\000a\000s}{section.4.4}% 63
\BOOKMARK [2][-]{subsection.4.4.2}{\376\377\000T\000a\000b\000e\000l\000a\000\040\000d\000e\000\040\000V\000i\000z\000i\000n\000h\000o\000s}{section.4.4}% 64
\BOOKMARK [2][-]{subsection.4.4.3}{\376\377\000C\000a\000c\000h\000e\000\040\000d\000e\000\040\000R\000R\000E\000Q}{section.4.4}% 65
\BOOKMARK [2][-]{subsection.4.4.4}{\376\377\000G\000e\000r\000e\000n\000c\000i\000a\000m\000e\000n\000t\000o\000\040\000d\000e\000\040\000P\000e\000e\000r\000s}{section.4.4}% 66
\BOOKMARK [1][-]{section.4.5}{\376\377\000M\000e\000n\000s\000a\000g\000e\000n\000s\000\040\000d\000o\000\040\000P\000r\000o\000t\000o\000c\000o\000l\000o}{chapter.4}% 67
\BOOKMARK [2][-]{subsection.4.5.1}{\376\377\000E\000s\000p\000e\000c\000i\000f\000i\000c\000a\000\347\000\343\000o\000\040\000d\000a\000s\000\040\000u\000n\000i\000d\000a\000d\000e\000s\000\040\000d\000e\000\040\000d\000a\000d\000o\000s\000\040\000d\000e\000\040\000p\000r\000o\000t\000o\000c\000o\000l\000o}{section.4.5}% 68
\BOOKMARK [1][-]{section.4.6}{\376\377\000F\000u\000n\000c\000i\000o\000n\000a\000m\000e\000n\000t\000o\000\040\000d\000o\000\040\000A\000l\000g\000o\000r\000i\000t\000m\000o}{chapter.4}% 69
\BOOKMARK [2][-]{subsection.4.6.1}{\376\377\000D\000e\000s\000c\000o\000b\000e\000r\000t\000a\000\040\000d\000e\000\040\000R\000o\000t\000a\000s}{section.4.6}% 70
\BOOKMARK [2][-]{subsection.4.6.2}{\376\377\000E\000n\000c\000a\000m\000i\000n\000h\000a\000m\000e\000n\000t\000o\000\040\000d\000e\000\040\000D\000a\000d\000o\000s}{section.4.6}% 71
\BOOKMARK [2][-]{subsection.4.6.3}{\376\377\000M\000a\000n\000u\000t\000e\000n\000\347\000\343\000o\000\040\000d\000e\000\040\000R\000o\000t\000a\000s}{section.4.6}% 72
\BOOKMARK [2][-]{subsection.4.6.4}{\376\377\000T\000r\000a\000t\000a\000m\000e\000n\000t\000o\000\040\000d\000e\000\040\000F\000a\000l\000h\000a\000s}{section.4.6}% 73
\BOOKMARK [1][-]{section.4.7}{\376\377\000A\000d\000a\000p\000t\000a\000\347\000\365\000e\000s\000\040\000d\000o\000\040\000A\000O\000D\000V\000\040\000p\000a\000r\000a\000\040\000E\000S\000P\000-\000N\000O\000W}{chapter.4}% 74
\BOOKMARK [2][-]{subsection.4.7.1}{\376\377\000E\000n\000d\000e\000r\000e\000\347\000a\000m\000e\000n\000t\000o\000\040\000p\000o\000r\000\040\000M\000A\000C}{section.4.7}% 75
\BOOKMARK [2][-]{subsection.4.7.2}{\376\377\000F\000l\000o\000o\000d\000i\000n\000g\000\040\000C\000o\000n\000t\000r\000o\000l\000a\000d\000o\000\040\000s\000o\000b\000r\000e\000\040\000B\000r\000o\000a\000d\000c\000a\000s\000t\000\040\000d\000e\000\040\000E\000n\000l\000a\000c\000e}{section.4.7}% 76
\BOOKMARK [2][-]{subsection.4.7.3}{\376\377\000G\000e\000r\000e\000n\000c\000i\000a\000m\000e\000n\000t\000o\000\040\000D\000i\000n\000\342\000m\000i\000c\000o\000\040\000d\000e\000\040\000P\000e\000e\000r\000s}{section.4.7}% 77
\BOOKMARK [2][-]{subsection.4.7.4}{\376\377\000M\000\351\000t\000r\000i\000c\000a\000\040\000H\000\355\000b\000r\000i\000d\000a\000\040\000c\000o\000m\000\040\000H\000o\000p\000\040\000C\000o\000u\000n\000t\000\040\000e\000\040\000R\000S\000S\000I}{section.4.7}% 78
\BOOKMARK [1][-]{section.4.8}{\376\377\000C\000o\000n\000s\000i\000d\000e\000r\000a\000\347\000\365\000e\000s\000\040\000s\000o\000b\000r\000e\000\040\000a\000\040\000I\000m\000p\000l\000e\000m\000e\000n\000t\000a\000\347\000\343\000o}{chapter.4}% 79
\BOOKMARK [2][-]{subsection.4.8.1}{\376\377\000A\000n\000\341\000l\000i\000s\000e\000\040\000d\000e\000\040\000c\000o\000m\000p\000l\000e\000x\000i\000d\000a\000d\000e\000\040\000e\000\040\000c\000u\000s\000t\000o\000\040\000d\000e\000\040\000m\000e\000m\000\363\000r\000i\000a}{section.4.8}% 80
\BOOKMARK [0][-]{chapter.5}{\376\377\000R\000E\000S\000U\000L\000T\000A\000D\000O\000S\000\040\000E\000\040\000D\000I\000S\000C\000U\000S\000S\000\303\000O}{}% 81
\BOOKMARK [1][-]{section.5.1}{\376\377\000A\000m\000b\000i\000e\000n\000t\000e\000\040\000d\000a\000s\000\040\000C\000o\000l\000e\000t\000a\000s\000\040\000e\000\040\000V\000a\000l\000i\000d\000a\000\347\000\343\000o\000\040\000F\000u\000n\000c\000i\000o\000n\000a\000l}{chapter.5}% 82
\BOOKMARK [1][-]{section.5.2}{\376\377\000R\000e\000s\000u\000l\000t\000a\000d\000o\000s\000\040\000d\000e\000\040\000H\000a\000r\000d\000w\000a\000r\000e}{chapter.5}% 83
\BOOKMARK [2][-]{subsection.5.2.1}{\376\377\000S\000i\000g\000n\000i\000f\000i\000c\000\342\000n\000c\000i\000a\000\040\000e\000s\000t\000a\000t\000\355\000s\000t\000i\000c\000a}{section.5.2}% 84
\BOOKMARK [2][-]{subsection.5.2.2}{\376\377\000D\000i\000s\000t\000r\000i\000b\000u\000i\000\347\000\343\000o\000\040\000e\000n\000t\000r\000e\000\040\000r\000e\000p\000e\000t\000i\000\347\000\365\000e\000s}{section.5.2}% 85
\BOOKMARK [1][-]{section.5.3}{\376\377\000D\000i\000s\000c\000u\000s\000s\000\343\000o\000\040\000p\000o\000r\000\040\000M\000\351\000t\000r\000i\000c\000a}{chapter.5}% 86
\BOOKMARK [1][-]{section.5.4}{\376\377\000A\000n\000\341\000l\000i\000s\000e\000\040\000d\000e\000\040\000E\000s\000c\000a\000l\000a\000b\000i\000l\000i\000d\000a\000d\000e\000\040\000p\000o\000r\000\040\000S\000i\000m\000u\000l\000a\000\347\000\343\000o}{chapter.5}% 87
\BOOKMARK [1][-]{section.5.5}{\376\377\000C\000o\000m\000p\000a\000r\000a\000\347\000\343\000o\000\040\000c\000o\000m\000\040\000T\000r\000a\000b\000a\000l\000h\000o\000s\000\040\000C\000o\000r\000r\000e\000l\000a\000t\000o\000s}{chapter.5}% 88
\BOOKMARK [1][-]{section.5.6}{\376\377\000C\000o\000n\000f\000o\000r\000m\000i\000d\000a\000d\000e\000\040\000c\000o\000m\000\040\000a\000\040\000R\000F\000C\000\040\0003\0005\0006\0001}{chapter.5}% 89
\BOOKMARK [1][-]{section.5.7}{\376\377\000E\000s\000c\000o\000p\000o\000\040\000I\000m\000p\000l\000e\000m\000e\000n\000t\000a\000d\000o\000\040\000e\000\040\000L\000i\000m\000i\000t\000a\000\347\000\365\000e\000s}{chapter.5}% 90
\BOOKMARK [0][-]{chapter.6}{\376\377\000C\000O\000N\000C\000L\000U\000S\000\303\000O}{}% 91
\BOOKMARK [0][-]{chapter.6}{\376\377\000R\000E\000F\000E\000R\000\312\000N\000C\000I\000A\000S}{}% 92
