I (15417) aodv_en_app: RSSIPROBE src=28:05:A5:33:B9:EC rssi=-88
I (15597) aodv_en_app: RSSIPROBE src=28:05:A5:33:D6:1C rssi=-54
I (15677) aodv_en_app: RSSIPROBE src=28:05:A5:33:EB:80 rssi=-71
I (15697) aodv_en_app: RSSISELF self=28:05:A5:34:99:34
I (15697) aodv_en_app: routes=3 neighbors=3 tx=15 rx=43 delivered=0 control=15 acks=0
I (15697) aodv_en_app: route[0] dest=28:05:A5:33:B9:EC via=28:05:A5:33:B9:EC hops=1 metric=82 state=2 expires=30951
I (15707) aodv_en_app: route[1] dest=28:05:A5:33:EB:80 via=28:05:A5:33:EB:80 hops=1 metric=50 state=2 expires=45201
I (15717) aodv_en_app: route[2] dest=28:05:A5:33:D6:1C via=28:05:A5:33:D6:1C hops=1 metric=8 state=2 expires=45121
I (16417) aodv_en_app: RSSIPROBE src=28:05:A5:33:B9:EC rssi=-87
I (16607) aodv_en_app: RSSIPROBE src=28:05:A5:33:D6:1C rssi=-56
I (16677) aodv_en_app: RSSIPROBE src=28:05:A5:33:EB:80 rssi=-72
I (17427) aodv_en_app: RSSIPROBE src=28:05:A5:33:B9:EC rssi=-88
I (17607) aodv_en_app: RSSIPROBE src=28:05:A5:33:D6:1C rssi=-56
I (17677) aodv_en_app: RSSIPROBE src=28:05:A5:33:EB:80 rssi=-71
I (18417) aodv_en_app: RSSIPROBE src=28:05:A5:33:B9:EC rssi=-87
I (18597) aodv_en_app: RSSIPROBE src=28:05:A5:33:D6:1C rssi=-56
I (18677) aodv_en_app: RSSIPROBE src=28:05:A5:33:EB:80 rssi=-72
I (18697) aodv_en_app: RSSISELF self=28:05:A5:34:99:34
I (18697) aodv_en_app: routes=3 neighbors=3 tx=18 rx=52 delivered=0 control=18 acks=0
I (18697) aodv_en_app: route[0] dest=28:05:A5:33:B9:EC via=28:05:A5:33:B9:EC hops=1 metric=82 state=2 expires=30951
I (18707) aodv_en_app: route[1] dest=28:05:A5:33:EB:80 via=28:05:A5:33:EB:80 hops=1 metric=50 state=2 expires=48201
I (18717) aodv_en_app: route[2] dest=28:05:A5:33:D6:1C via=28:05:A5:33:D6:1C hops=1 metric=8 state=2 expires=48121
I (19417) aodv_en_app: RSSIPROBE src=28:05:A5:33:B9:EC rssi=-86
I (19607) aodv_en_app: RSSIPROBE src=28:05:A5:33:D6:1C rssi=-55
I (19677) aodv_en_app: RSSIPROBE src=28:05:A5:33:EB:80 rssi=-71
I (20417) aodv_en_app: RSSIPROBE src=28:05:A5:33:B9:EC rssi=-86
I (20607) aodv_en_app: RSSIPROBE src=28:05:A5:33:D6:1C rssi=-55
I (20677) aodv_en_app: RSSIPROBE src=28:05:A5:33:EB:80 rssi=-71
I (21417) aodv_en_app: RSSIPROBE src=28:05:A5:33:B9:EC rssi=-90
I (21597) aodv_en_app: RSSIPROBE src=28:05:A5:33:D6:1C rssi=-54
I (21677) aodv_en_app: RSSIPROBE src=28:05:A5:33:EB:80 rssi=-71
I (21697) aodv_en_app: RSSISELF self=28:05:A5:34:99:34
I (21697) aodv_en_app: routes=3 neighbors=3 tx=21 rx=61 delivered=0 control=21 acks=0
I (21697) aodv_en_app: route[0] dest=28:05:A5:33:B9:EC via=28:05:A5:33:B9:EC hops=1 metric=82 state=2 expires=30951
I (21707) aodv_en_app: route[1] dest=28:05:A5:33:EB:80 via=28:05:A5:33:EB:80 hops=1 metric=50 state=2 expires=51201
I (21717) aodv_en_app: route[2] dest=28:05:A5:33:D6:1C via=28:05:A5:33:D6:1C hops=1 metric=8 state=2 expires=51121
I (22417) aodv_en_app: RSSIPROBE src=28:05:A5:33:B9:EC rssi=-90
I (22607) aodv_en_app: RSSIPROBE src=28:05:A5:33:D6:1C rssi=-54
I (22677) aodv_en_app: RSSIPROBE src=28:05:A5:33:EB:80 rssi=-71
I (23417) aodv_en_app: RSSIPROBE src=28:05:A5:33:B9:EC rssi=-89
I (23597) aodv_en_app: RSSIPROBE src=28:05:A5:33:D6:1C rssi=-56
I (23677) aodv_en_app: RSSIPROBE src=28:05:A5:33:EB:80 rssi=-72
I (24417) aodv_en_app: RSSIPROBE src=28:05:A5:33:B9:EC rssi=-88
I (24607) aodv_en_app: RSSIPROBE src=28:05:A5:33:D6:1C rssi=-54
I (24677) aodv_en_app: RSSIPROBE src=28:05:A5:33:EB:80 rssi=-72
I (24697) aodv_en_app: RSSISELF self=28:05:A5:34:99:34
I (24697) aodv_en_app: routes=3 neighbors=3 tx=24 rx=70 delivered=0 control=24 acks=0
I (24697) aodv_en_app: route[0] dest=28:05:A5:33:B9:EC via=28:05:A5:33:B9:EC hops=1 metric=82 state=2 expires=30951
I (24707) aodv_en_app: route[1] dest=28:05:A5:33:EB:80 via=28:05:A5:33:EB:80 hops=1 metric=50 state=2 expires=54201
I (24717) aodv_en_app: route[2] dest=28:05:A5:33:D6:1C via=28:05:A5:33:D6:1C hops=1 metric=8 state=2 expires=54131
I (25427) aodv_en_app: RSSIPROBE src=28:05:A5:33:B9:EC rssi=-88
I (25597) aodv_en_app: RSSIPROBE src=28:05:A5:33:D6:1C rssi=-56
I (25677) aodv_en_app: RSSIPROBE src=28:05:A5:33:EB:80 rssi=-72
I (26417) aodv_en_app: RSSIPROBE src=28:05:A5:33:B9:EC rssi=-87
I (26607) aodv_en_app: RSSIPROBE src=28:05:A5:33:D6:1C rssi=-55
I (26677) aodv_en_app: RSSIPROBE src=28:05:A5:33:EB:80 rssi=-71
I (27417) aodv_en_app: RSSIPROBE src=28:05:A5:33:B9:EC rssi=-86
I (27597) aodv_en_app: RSSIPROBE src=28:05:A5:33:D6:1C rssi=-54
I (27677) aodv_en_app: RSSIPROBE src=28:05:A5:33:EB:80 rssi=-72
I (27697) aodv_en_app: RSSISELF self=28:05:A5:34:99:34
I (27697) aodv_en_app: routes=3 neighbors=3 tx=27 rx=79 delivered=0 control=27 acks=0
I (27697) aodv_en_app: route[0] dest=28:05:A5:33:B9:EC via=28:05:A5:33:B9:EC hops=1 metric=82 state=2 expires=30951
I (27707) aodv_en_app: route[1] dest=28:05:A5:33:EB:80 via=28:05:A5:33:EB:80 hops=1 metric=50 state=2 expires=57201
I (27717) aodv_en_app: route[2] dest=28:05:A5:33:D6:1C via=28:05:A5:33:D6:1C hops=1 metric=8 state=2 expires=57121
I (28427) aodv_en_app: RSSIPROBE src=28:05:A5:33:B9:EC rssi=-89
I (28597) aodv_en_app: RSSIPROBE src=28:05:A5:33:D6:1C rssi=-55
I (28677) aodv_en_app: RSSIPROBE src=28:05:A5:33:EB:80 rssi=-72
I (29417) aodv_en_app: RSSIPROBE src=28:05:A5:33:B9:EC rssi=-89
I (29607) aodv_en_app: RSSIPROBE src=28:05:A5:33:D6:1C rssi=-54
I (29677) aodv_en_app: RSSIPROBE src=28:05:A5:33:EB:80 rssi=-72
I (30607) aodv_en_app: RSSIPROBE src=28:05:A5:33:D6:1C rssi=-56
I (30677) aodv_en_app: RSSIPROBE src=28:05:A5:33:EB:80 rssi=-72
I (30697) aodv_en_app: RSSISELF self=28:05:A5:34:99:34
I (30697) aodv_en_app: routes=3 neighbors=3 tx=30 rx=87 delivered=0 control=30 acks=0
I (30697) aodv_en_app: route[0] dest=28:05:A5:33:B9:EC via=28:05:A5:33:B9:EC hops=1 metric=82 state=2 expires=30951
I (30707) aodv_en_app: route[1] dest=28:05:A5:33:EB:80 via=28:05:A5:33:EB:80 hops=1 metric=50 state=2 expires=60201
I (30717) aodv_en_app: route[2] dest=28:05:A5:33:D6:1C via=28:05:A5:33:D6:1C hops=1 metric=8 state=2 expires=60131
I (31427) aodv_en_app: RSSIPROBE src=28:05:A5:33:B9:EC rssi=-87
I (31597) aodv_en_app: RSSIPROBE src=28:05:A5:33:D6:1C rssi=-54
I (31677) aodv_en_app: RSSIPROBE src=28:05:A5:33:EB:80 rssi=-72
I (32427) aodv_en_app: RSSIPROBE src=28:05:A5:33:B9:EC rssi=-88
I (32597) aodv_en_app: RSSIPROBE src=28:05:A5:33:D6:1C rssi=-56
I (32677) aodv_en_app: RSSIPROBE src=28:05:A5:33:EB:80 rssi=-73
I (33417) aodv_en_app: RSSIPROBE src=28:05:A5:33:B9:EC rssi=-88
I (33607) aodv_en_app: RSSIPROBE src=28:05:A5:33:D6:1C rssi=-55
I (33677) aodv_en_app: RSSIPROBE src=28:05:A5:33:EB:80 rssi=-72
I (33697) aodv_en_app: RSSISELF self=28:05:A5:34:99:34
I (33697) aodv_en_app: routes=3 neighbors=3 tx=33 rx=96 delivered=0 control=33 acks=0
I (33697) aodv_en_app: route[0] dest=28:05:A5:33:EB:80 via=28:05:A5:33:EB:80 hops=1 metric=50 state=2 expires=63201
I (33707) aodv_en_app: route[1] dest=28:05:A5:33:D6:1C via=28:05:A5:33:D6:1C hops=1 metric=8 state=2 expires=63131
I (33717) aodv_en_app: route[2] dest=28:05:A5:33:B9:EC via=28:05:A5:33:B9:EC hops=1 metric=96 state=2 expires=62941
I (34417) aodv_en_app: RSSIPROBE src=28:05:A5:33:B9:EC rssi=-89
I (34607) aodv_en_app: RSSIPROBE src=28:05:A5:33:D6:1C rssi=-56
I (34677) aodv_en_app: RSSIPROBE src=28:05:A5:33:EB:80 rssi=-72
I (35427) aodv_en_app: RSSIPROBE src=28:05:A5:33:B9:EC rssi=-88
I (35597) aodv_en_app: RSSIPROBE src=28:05:A5:33:D6:1C rssi=-56
I (35677) aodv_en_app: RSSIPROBE src=28:05:A5:33:EB:80 rssi=-72
I (36417) aodv_en_app: RSSIPROBE src=28:05:A5:33:B9:EC rssi=-84
I (36607) aodv_en_app: RSSIPROBE src=28:05:A5:33:D6:1C rssi=-56
I (36677) aodv_en_app: RSSIPROBE src=28:05:A5:33:EB:80 rssi=-72
I (36697) aodv_en_app: RSSISELF self=28:05:A5:34:99:34
I (36697) aodv_en_app: routes=3 neighbors=3 tx=36 rx=105 delivered=0 control=36 acks=0
I (36697) aodv_en_app: route[0] dest=28:05:A5:33:EB:80 via=28:05:A5:33:EB:80 hops=1 metric=50 state=2 expires=66201
I (36707) aodv_en_app: route[1] dest=28:05:A5:33:D6:1C via=28:05:A5:33:D6:1C hops=1 metric=8 state=2 expires=66131
I (36717) aodv_en_app: route[2] dest=28:05:A5:33:B9:EC via=28:05:A5:33:B9:EC hops=1 metric=93 state=2 expires=65941
I (37607) aodv_en_app: RSSIPROBE src=28:05:A5:33:D6:1C rssi=-56
I (37677) aodv_en_app: RSSIPROBE src=28:05:A5:33:EB:80 rssi=-72
I (38417) aodv_en_app: RSSIPROBE src=28:05:A5:33:B9:EC rssi=-91
I (38597) aodv_en_app: RSSIPROBE src=28:05:A5:33:D6:1C rssi=-56
I (38677) aodv_en_app: RSSIPROBE src=28:05:A5:33:EB:80 rssi=-71
I (39417) aodv_en_app: RSSIPROBE src=28:05:A5:33:B9:EC rssi=-89
I (39607) aodv_en_app: RSSIPROBE src=28:05:A5:33:D6:1C rssi=-56
I (39677) aodv_en_app: RSSIPROBE src=28:05:A5:33:EB:80 rssi=-72
I (39697) aodv_en_app: RSSISELF self=28:05:A5:34:99:34
I (39697) aodv_en_app: routes=3 neighbors=3 tx=39 rx=113 delivered=0 control=39 acks=0
I (39697) aodv_en_app: route[0] dest=28:05:A5:33:EB:80 via=28:05:A5:33:EB:80 hops=1 metric=50 state=2 expires=69201
I (39707) aodv_en_app: route[1] dest=28:05:A5:33:D6:1C via=28:05:A5:33:D6:1C hops=1 metric=8 state=2 expires=69131
I (39717) aodv_en_app: route[2] dest=28:05:A5:33:B9:EC via=28:05:A5:33:B9:EC hops=1 metric=93 state=2 expires=65941
I (40427) aodv_en_app: RSSIPROBE src=28:05:A5:33:B9:EC rssi=-89
I (40607) aodv_en_app: RSSIPROBE src=28:05:A5:33:D6:1C rssi=-56
I (40677) aodv_en_app: RSSIPROBE src=28:05:A5:33:EB:80 rssi=-72
I (41417) aodv_en_app: RSSIPROBE src=28:05:A5:33:B9:EC rssi=-88
I (41607) aodv_en_app: RSSIPROBE src=28:05:A5:33:D6:1C rssi=-55
I (41687) aodv_en_app: RSSIPROBE src=28:05:A5:33:EB:80 rssi=-72
I (42417) aodv_en_app: RSSIPROBE src=28:05:A5:33:B9:EC rssi=-87
I (42597) aodv_en_app: RSSIPROBE src=28:05:A5:33:D6:1C rssi=-56
I (42677) aodv_en_app: RSSIPROBE src=28:05:A5:33:EB:80 rssi=-72
I (42697) aodv_en_app: RSSISELF self=28:05:A5:34:99:34
I (42697) aodv_en_app: routes=3 neighbors=3 tx=42 rx=122 delivered=0 control=42 acks=0
I (42697) aodv_en_app: route[0] dest=28:05:A5:33:EB:80 via=28:05:A5:33:EB:80 hops=1 metric=50 state=2 expires=72201
I (42707) aodv_en_app: route[1] dest=28:05:A5:33:D6:1C via=28:05:A5:33:D6:1C hops=1 metric=8 state=2 expires=72121
I (42717) aodv_en_app: route[2] dest=28:05:A5:33:B9:EC via=28:05:A5:33:B9:EC hops=1 metric=93 state=2 expires=65941
I (43417) aodv_en_app: RSSIPROBE src=28:05:A5:33:B9:EC rssi=-88
I (43597) aodv_en_app: RSSIPROBE src=28:05:A5:33:D6:1C rssi=-57
I (43677) aodv_en_app: RSSIPROBE src=28:05:A5:33:EB:80 rssi=-72
I (44417) aodv_en_app: RSSIPROBE src=28:05:A5:33:B9:EC rssi=-84
I (44607) aodv_en_app: RSSIPROBE src=28:05:A5:33:D6:1C rssi=-54
I (44677) aodv_en_app: RSSIPROBE src=28:05:A5:33:EB:80 rssi=-72
I (45427) aodv_en_app: RSSIPROBE src=28:05:A5:33:B9:EC rssi=-88
