I (13547) aodv_en_app: RSSIPROBE src=28:05:A5:33:B9:EC rssi=-72
I (13797) aodv_en_app: RSSIPROBE src=28:05:A5:33:EB:80 rssi=-67
I (13827) aodv_en_app: RSSIPROBE src=28:05:A5:34:99:34 rssi=-57
I (14547) aodv_en_app: RSSIPROBE src=28:05:A5:33:B9:EC rssi=-72
I (14797) aodv_en_app: RSSIPROBE src=28:05:A5:33:EB:80 rssi=-66
I (14827) aodv_en_app: RSSIPROBE src=28:05:A5:34:99:34 rssi=-57
I (15547) aodv_en_app: RSSIPROBE src=28:05:A5:33:B9:EC rssi=-72
I (15717) aodv_en_app: RSSISELF self=28:05:A5:33:D6:1C
I (15717) aodv_en_app: routes=3 neighbors=3 tx=15 rx=45 delivered=0 control=15 acks=0
I (15717) aodv_en_app: route[0] dest=28:05:A5:33:EB:80 via=28:05:A5:33:EB:80 hops=1 metric=30 state=2 expires=42321
I (15727) aodv_en_app: route[1] dest=28:05:A5:34:99:34 via=28:05:A5:34:99:34 hops=1 metric=8 state=2 expires=44351
I (15737) aodv_en_app: route[2] dest=28:05:A5:33:B9:EC via=28:05:A5:33:B9:EC hops=1 metric=53 state=2 expires=40071
I (15797) aodv_en_app: RSSIPROBE src=28:05:A5:33:EB:80 rssi=-66
I (15827) aodv_en_app: RSSIPROBE src=28:05:A5:34:99:34 rssi=-56
I (16547) aodv_en_app: RSSIPROBE src=28:05:A5:33:B9:EC rssi=-77
I (16797) aodv_en_app: RSSIPROBE src=28:05:A5:33:EB:80 rssi=-66
I (16827) aodv_en_app: RSSIPROBE src=28:05:A5:34:99:34 rssi=-56
I (17547) aodv_en_app: RSSIPROBE src=28:05:A5:33:B9:EC rssi=-71
I (17797) aodv_en_app: RSSIPROBE src=28:05:A5:33:EB:80 rssi=-67
I (17827) aodv_en_app: RSSIPROBE src=28:05:A5:34:99:34 rssi=-56
I (18547) aodv_en_app: RSSIPROBE src=28:05:A5:33:B9:EC rssi=-73
I (18717) aodv_en_app: RSSISELF self=28:05:A5:33:D6:1C
I (18717) aodv_en_app: routes=3 neighbors=3 tx=18 rx=54 delivered=0 control=18 acks=0
I (18717) aodv_en_app: route[0] dest=28:05:A5:33:EB:80 via=28:05:A5:33:EB:80 hops=1 metric=30 state=2 expires=42321
I (18727) aodv_en_app: route[1] dest=28:05:A5:34:99:34 via=28:05:A5:34:99:34 hops=1 metric=8 state=2 expires=47351
I (18737) aodv_en_app: route[2] dest=28:05:A5:33:B9:EC via=28:05:A5:33:B9:EC hops=1 metric=53 state=2 expires=40071
I (18797) aodv_en_app: RSSIPROBE src=28:05:A5:33:EB:80 rssi=-67
I (18827) aodv_en_app: RSSIPROBE src=28:05:A5:34:99:34 rssi=-56
I (19547) aodv_en_app: RSSIPROBE src=28:05:A5:33:B9:EC rssi=-74
I (19797) aodv_en_app: RSSIPROBE src=28:05:A5:33:EB:80 rssi=-67
I (19827) aodv_en_app: RSSIPROBE src=28:05:A5:34:99:34 rssi=-57
I (20547) aodv_en_app: RSSIPROBE src=28:05:A5:33:B9:EC rssi=-73
I (20797) aodv_en_app: RSSIPROBE src=28:05:A5:33:EB:80 rssi=-68
I (20827) aodv_en_app: RSSIPROBE src=28:05:A5:34:99:34 rssi=-57
I (21547) aodv_en_app: RSSIPROBE src=28:05:A5:33:B9:EC rssi=-72
I (21717) aodv_en_app: RSSISELF self=28:05:A5:33:D6:1C
I (21717) aodv_en_app: routes=3 neighbors=3 tx=21 rx=63 delivered=0 control=21 acks=0
I (21717) aodv_en_app: route[0] dest=28:05:A5:33:EB:80 via=28:05:A5:33:EB:80 hops=1 metric=30 state=2 expires=42321
I (21727) aodv_en_app: route[1] dest=28:05:A5:34:99:34 via=28:05:A5:34:99:34 hops=1 metric=8 state=2 expires=50351
I (21737) aodv_en_app: route[2] dest=28:05:A5:33:B9:EC via=28:05:A5:33:B9:EC hops=1 metric=53 state=2 expires=40071
I (21797) aodv_en_app: RSSIPROBE src=28:05:A5:33:EB:80 rssi=-67
I (21827) aodv_en_app: RSSIPROBE src=28:05:A5:34:99:34 rssi=-57
I (22547) aodv_en_app: RSSIPROBE src=28:05:A5:33:B9:EC rssi=-72
I (22797) aodv_en_app: RSSIPROBE src=28:05:A5:33:EB:80 rssi=-67
I (22827) aodv_en_app: RSSIPROBE src=28:05:A5:34:99:34 rssi=-56
I (23547) aodv_en_app: RSSIPROBE src=28:05:A5:33:B9:EC rssi=-72
I (23797) aodv_en_app: RSSIPROBE src=28:05:A5:33:EB:80 rssi=-67
I (23827) aodv_en_app: RSSIPROBE src=28:05:A5:34:99:34 rssi=-56
I (24547) aodv_en_app: RSSIPROBE src=28:05:A5:33:B9:EC rssi=-72
I (24717) aodv_en_app: RSSISELF self=28:05:A5:33:D6:1C
I (24717) aodv_en_app: routes=3 neighbors=3 tx=24 rx=72 delivered=0 control=24 acks=0
I (24717) aodv_en_app: route[0] dest=28:05:A5:33:EB:80 via=28:05:A5:33:EB:80 hops=1 metric=30 state=2 expires=42321
I (24727) aodv_en_app: route[1] dest=28:05:A5:34:99:34 via=28:05:A5:34:99:34 hops=1 metric=8 state=2 expires=53351
I (24737) aodv_en_app: route[2] dest=28:05:A5:33:B9:EC via=28:05:A5:33:B9:EC hops=1 metric=53 state=2 expires=40071
I (24797) aodv_en_app: RSSIPROBE src=28:05:A5:33:EB:80 rssi=-66
I (24827) aodv_en_app: RSSIPROBE src=28:05:A5:34:99:34 rssi=-56
I (25547) aodv_en_app: RSSIPROBE src=28:05:A5:33:B9:EC rssi=-72
I (25797) aodv_en_app: RSSIPROBE src=28:05:A5:33:EB:80 rssi=-67
I (25827) aodv_en_app: RSSIPROBE src=28:05:A5:34:99:34 rssi=-56
I (26547) aodv_en_app: RSSIPROBE src=28:05:A5:33:B9:EC rssi=-72
I (26797) aodv_en_app: RSSIPROBE src=28:05:A5:33:EB:80 rssi=-67
I (26827) aodv_en_app: RSSIPROBE src=28:05:A5:34:99:34 rssi=-57
I (27547) aodv_en_app: RSSIPROBE src=28:05:A5:33:B9:EC rssi=-73
I (27717) aodv_en_app: RSSISELF self=28:05:A5:33:D6:1C
I (27717) aodv_en_app: routes=3 neighbors=3 tx=27 rx=81 delivered=0 control=27 acks=0
I (27717) aodv_en_app: route[0] dest=28:05:A5:33:EB:80 via=28:05:A5:33:EB:80 hops=1 metric=30 state=2 expires=42321
I (27727) aodv_en_app: route[1] dest=28:05:A5:34:99:34 via=28:05:A5:34:99:34 hops=1 metric=8 state=2 expires=56351
I (27737) aodv_en_app: route[2] dest=28:05:A5:33:B9:EC via=28:05:A5:33:B9:EC hops=1 metric=53 state=2 expires=40071
I (27797) aodv_en_app: RSSIPROBE src=28:05:A5:33:EB:80 rssi=-67
I (27827) aodv_en_app: RSSIPROBE src=28:05:A5:34:99:34 rssi=-56
I (28547) aodv_en_app: RSSIPROBE src=28:05:A5:33:B9:EC rssi=-73
I (28797) aodv_en_app: RSSIPROBE src=28:05:A5:33:EB:80 rssi=-67
I (28827) aodv_en_app: RSSIPROBE src=28:05:A5:34:99:34 rssi=-56
I (29547) aodv_en_app: RSSIPROBE src=28:05:A5:33:B9:EC rssi=-72
I (29797) aodv_en_app: RSSIPROBE src=28:05:A5:33:EB:80 rssi=-67
I (29827) aodv_en_app: RSSIPROBE src=28:05:A5:34:99:34 rssi=-56
I (30547) aodv_en_app: RSSIPROBE src=28:05:A5:33:B9:EC rssi=-72
I (30717) aodv_en_app: RSSISELF self=28:05:A5:33:D6:1C
I (30717) aodv_en_app: routes=3 neighbors=3 tx=30 rx=90 delivered=0 control=30 acks=0
I (30717) aodv_en_app: route[0] dest=28:05:A5:33:EB:80 via=28:05:A5:33:EB:80 hops=1 metric=30 state=2 expires=42321
I (30727) aodv_en_app: route[1] dest=28:05:A5:34:99:34 via=28:05:A5:34:99:34 hops=1 metric=8 state=2 expires=59351
I (30737) aodv_en_app: route[2] dest=28:05:A5:33:B9:EC via=28:05:A5:33:B9:EC hops=1 metric=53 state=2 expires=40071
I (30797) aodv_en_app: RSSIPROBE src=28:05:A5:33:EB:80 rssi=-67
I (30827) aodv_en_app: RSSIPROBE src=28:05:A5:34:99:34 rssi=-56
I (31547) aodv_en_app: RSSIPROBE src=28:05:A5:33:B9:EC rssi=-72
I (31797) aodv_en_app: RSSIPROBE src=28:05:A5:33:EB:80 rssi=-67
I (31827) aodv_en_app: RSSIPROBE src=28:05:A5:34:99:34 rssi=-57
I (32547) aodv_en_app: RSSIPROBE src=28:05:A5:33:B9:EC rssi=-73
I (32797) aodv_en_app: RSSIPROBE src=28:05:A5:33:EB:80 rssi=-67
I (32827) aodv_en_app: RSSIPROBE src=28:05:A5:34:99:34 rssi=-57
I (33547) aodv_en_app: RSSIPROBE src=28:05:A5:33:B9:EC rssi=-72
I (33717) aodv_en_app: RSSISELF self=28:05:A5:33:D6:1C
I (33717) aodv_en_app: routes=3 neighbors=3 tx=33 rx=99 delivered=0 control=33 acks=0
I (33717) aodv_en_app: route[0] dest=28:05:A5:33:EB:80 via=28:05:A5:33:EB:80 hops=1 metric=30 state=2 expires=42321
I (33727) aodv_en_app: route[1] dest=28:05:A5:34:99:34 via=28:05:A5:34:99:34 hops=1 metric=8 state=2 expires=62351
I (33737) aodv_en_app: route[2] dest=28:05:A5:33:B9:EC via=28:05:A5:33:B9:EC hops=1 metric=53 state=2 expires=40071
I (33797) aodv_en_app: RSSIPROBE src=28:05:A5:33:EB:80 rssi=-67
I (33827) aodv_en_app: RSSIPROBE src=28:05:A5:34:99:34 rssi=-56
I (34547) aodv_en_app: RSSIPROBE src=28:05:A5:33:B9:EC rssi=-72
I (34797) aodv_en_app: RSSIPROBE src=28:05:A5:33:EB:80 rssi=-67
I (34827) aodv_en_app: RSSIPROBE src=28:05:A5:34:99:34 rssi=-57
I (35547) aodv_en_app: RSSIPROBE src=28:05:A5:33:B9:EC rssi=-72
I (35797) aodv_en_app: RSSIPROBE src=28:05:A5:33:EB:80 rssi=-67
I (35827) aodv_en_app: RSSIPROBE src=28:05:A5:34:99:34 rssi=-57
I (36547) aodv_en_app: RSSIPROBE src=28:05:A5:33:B9:EC rssi=-72
I (36717) aodv_en_app: RSSISELF self=28:05:A5:33:D6:1C
I (36717) aodv_en_app: routes=3 neighbors=3 tx=36 rx=108 delivered=0 control=36 acks=0
I (36717) aodv_en_app: route[0] dest=28:05:A5:33:EB:80 via=28:05:A5:33:EB:80 hops=1 metric=30 state=2 expires=42321
I (36727) aodv_en_app: route[1] dest=28:05:A5:34:99:34 via=28:05:A5:34:99:34 hops=1 metric=8 state=2 expires=65351
I (36737) aodv_en_app: route[2] dest=28:05:A5:33:B9:EC via=28:05:A5:33:B9:EC hops=1 metric=53 state=2 expires=40071
I (36797) aodv_en_app: RSSIPROBE src=28:05:A5:33:EB:80 rssi=-67
I (36827) aodv_en_app: RSSIPROBE src=28:05:A5:34:99:34 rssi=-56
I (37547) aodv_en_app: RSSIPROBE src=28:05:A5:33:B9:EC rssi=-72
I (37797) aodv_en_app: RSSIPROBE src=28:05:A5:33:EB:80 rssi=-67
I (37827) aodv_en_app: RSSIPROBE src=28:05:A5:34:99:34 rssi=-57
I (38547) aodv_en_app: RSSIPROBE src=28:05:A5:33:B9:EC rssi=-72
I (38797) aodv_en_app: RSSIPROBE src=28:05:A5:33:EB:80 rssi=-67
I (38827) aodv_en_app: RSSIPROBE src=28:05:A5:34:99:34 rssi=-56
I (39547) aodv_en_app: RSSIPROBE src=28:05:A5:33:B9:EC rssi=-72
I (39717) aodv_en_app: RSSISELF self=28:05:A5:33:D6:1C
I (39717) aodv_en_app: routes=3 neighbors=3 tx=39 rx=117 delivered=0 control=39 acks=0
I (39717) aodv_en_app: route[0] dest=28:05:A5:33:EB:80 via=28:05:A5:33:EB:80 hops=1 metric=30 state=2 expires=42321
I (39727) aodv_en_app: route[1] dest=28:05:A5:34:99:34 via=28:05:A5:34:99:34 hops=1 metric=8 state=2 expires=68351
I (39737) aodv_en_app: route[2] dest=28:05:A5:33:B9:EC via=28:05:A5:33:B9:EC hops=1 metric=53 state=2 expires=40071
I (39807) aodv_en_app: RSSIPROBE src=28:05:A5:33:EB:80 rssi=-67
I (39827) aodv_en_app: RSSIPROBE src=28:05:A5:34:99:34 rssi=-57
I (40547) aodv_en_app: RSSIPROBE src=28:05:A5:33:B9:EC rssi=-72
I (40797) aodv_en_app: RSSIPROBE src=28:05:A5:33:EB:80 rssi=-67
I (40827) aodv_en_app: RSSIPROBE src=28:05:A5:34:99:34 rssi=-56
I (41547) aodv_en_app: RSSIPROBE src=28:05:A5:33:B9:EC rssi=-72
I (41797) aodv_en_app: RSSIPROBE src=28:05:A5:33:EB:80 rssi=-67
I (41827) aodv_en_app: RSSIPROBE src=28:05:A5:34:99:34 rssi=-57
I (42547) aodv_en_app: RSSIPROBE src=28:05:A5:33:B9:EC rssi=-72
I (42717) aodv_en_app: RSSISELF self=28:05:A5:33:D6:1C
I (42717) aodv_en_app: routes=3 neighbors=3 tx=42 rx=126 delivered=0 control=42 acks=0
I (42717) aodv_en_app: route[0] dest=28:05:A5:33:EB:80 via=28:05:A5:33:EB:80 hops=1 metric=30 state=2 expires=42321
I (42727) aodv_en_app: route[1] dest=28:05:A5:34:99:34 via=28:05:A5:34:99:34 hops=1 metric=8 state=2 expires=71351
I (42737) aodv_en_app: route[2] dest=28:05:A5:33:B9:EC via=28:05:A5:33:B9:EC hops=1 metric=56 state=2 expires=72071
I (42797) aodv_en_app: RSSIPROBE src=28:05:A5:33:EB:80 rssi=-67
I (42827) aodv_en_app: RSSIPROBE src=28:05:A5:34:99:34 rssi=-57
I (43547) aodv_en_app: RSSIPROBE src=28:05:A5:33:B9:EC rssi=-72
