I (14578) aodv_en_app: RSSIPROBE src=28:05:A5:34:99:34 rssi=-69
I (14648) aodv_en_app: RSSIPROBE src=28:05:A5:33:D6:1C rssi=-66
I (14808) aodv_en_app: RSSIPROBE src=28:05:A5:33:B9:EC rssi=-75
I (15578) aodv_en_app: RSSIPROBE src=28:05:A5:34:99:34 rssi=-69
I (15648) aodv_en_app: RSSIPROBE src=28:05:A5:33:D6:1C rssi=-67
I (15698) aodv_en_app: RSSISELF self=28:05:A5:33:EB:80
I (15698) aodv_en_app: routes=3 neighbors=3 tx=15 rx=41 delivered=0 control=15 acks=0
I (15698) aodv_en_app: route[0] dest=28:05:A5:33:B9:EC via=28:05:A5:33:B9:EC hops=1 metric=62 state=2 expires=44331
I (15708) aodv_en_app: route[1] dest=28:05:A5:33:D6:1C via=28:05:A5:33:D6:1C hops=1 metric=25 state=2 expires=31941
I (15718) aodv_en_app: route[2] dest=28:05:A5:34:99:34 via=28:05:A5:34:99:34 hops=1 metric=45 state=2 expires=45101
I (15818) aodv_en_app: RSSIPROBE src=28:05:A5:33:B9:EC rssi=-76
I (16578) aodv_en_app: RSSIPROBE src=28:05:A5:34:99:34 rssi=-69
I (16638) aodv_en_app: RSSIPROBE src=28:05:A5:33:D6:1C rssi=-67
I (16808) aodv_en_app: RSSIPROBE src=28:05:A5:33:B9:EC rssi=-76
I (17578) aodv_en_app: RSSIPROBE src=28:05:A5:34:99:34 rssi=-69
I (17648) aodv_en_app: RSSIPROBE src=28:05:A5:33:D6:1C rssi=-66
I (17818) aodv_en_app: RSSIPROBE src=28:05:A5:33:B9:EC rssi=-76
I (18578) aodv_en_app: RSSIPROBE src=28:05:A5:34:99:34 rssi=-69
I (18638) aodv_en_app: RSSIPROBE src=28:05:A5:33:D6:1C rssi=-66
I (18698) aodv_en_app: RSSISELF self=28:05:A5:33:EB:80
I (18698) aodv_en_app: routes=3 neighbors=3 tx=18 rx=50 delivered=0 control=18 acks=0
I (18698) aodv_en_app: route[0] dest=28:05:A5:33:B9:EC via=28:05:A5:33:B9:EC hops=1 metric=62 state=2 expires=47341
I (18708) aodv_en_app: route[1] dest=28:05:A5:33:D6:1C via=28:05:A5:33:D6:1C hops=1 metric=25 state=2 expires=31941
I (18718) aodv_en_app: route[2] dest=28:05:A5:34:99:34 via=28:05:A5:34:99:34 hops=1 metric=45 state=2 expires=48101
I (18808) aodv_en_app: RSSIPROBE src=28:05:A5:33:B9:EC rssi=-75
I (19578) aodv_en_app: RSSIPROBE src=28:05:A5:34:99:34 rssi=-68
I (19648) aodv_en_app: RSSIPROBE src=28:05:A5:33:D6:1C rssi=-67
I (19808) aodv_en_app: RSSIPROBE src=28:05:A5:33:B9:EC rssi=-75
I (20588) aodv_en_app: RSSIPROBE src=28:05:A5:34:99:34 rssi=-69
I (20638) aodv_en_app: RSSIPROBE src=28:05:A5:33:D6:1C rssi=-67
I (20808) aodv_en_app: RSSIPROBE src=28:05:A5:33:B9:EC rssi=-76
I (21578) aodv_en_app: RSSIPROBE src=28:05:A5:34:99:34 rssi=-68
I (21648) aodv_en_app: RSSIPROBE src=28:05:A5:33:D6:1C rssi=-67
I (21698) aodv_en_app: RSSISELF self=28:05:A5:33:EB:80
I (21698) aodv_en_app: routes=3 neighbors=3 tx=21 rx=59 delivered=0 control=21 acks=0
I (21698) aodv_en_app: route[0] dest=28:05:A5:33:B9:EC via=28:05:A5:33:B9:EC hops=1 metric=62 state=2 expires=50331
I (21708) aodv_en_app: route[1] dest=28:05:A5:33:D6:1C via=28:05:A5:33:D6:1C hops=1 metric=25 state=2 expires=31941
I (21718) aodv_en_app: route[2] dest=28:05:A5:34:99:34 via=28:05:A5:34:99:34 hops=1 metric=45 state=2 expires=51101
I (21818) aodv_en_app: RSSIPROBE src=28:05:A5:33:B9:EC rssi=-76
I (22578) aodv_en_app: RSSIPROBE src=28:05:A5:34:99:34 rssi=-68
I (22638) aodv_en_app: RSSIPROBE src=28:05:A5:33:D6:1C rssi=-67
I (22808) aodv_en_app: RSSIPROBE src=28:05:A5:33:B9:EC rssi=-76
I (23588) aodv_en_app: RSSIPROBE src=28:05:A5:34:99:34 rssi=-70
I (23638) aodv_en_app: RSSIPROBE src=28:05:A5:33:D6:1C rssi=-67
I (23808) aodv_en_app: RSSIPROBE src=28:05:A5:33:B9:EC rssi=-75
I (24578) aodv_en_app: RSSIPROBE src=28:05:A5:34:99:34 rssi=-69
I (24638) aodv_en_app: RSSIPROBE src=28:05:A5:33:D6:1C rssi=-67
I (24698) aodv_en_app: RSSISELF self=28:05:A5:33:EB:80
I (24698) aodv_en_app: routes=3 neighbors=3 tx=24 rx=68 delivered=0 control=24 acks=0
I (24698) aodv_en_app: route[0] dest=28:05:A5:33:B9:EC via=28:05:A5:33:B9:EC hops=1 metric=62 state=2 expires=53331
I (24708) aodv_en_app: route[1] dest=28:05:A5:33:D6:1C via=28:05:A5:33:D6:1C hops=1 metric=25 state=2 expires=31941
I (24718) aodv_en_app: route[2] dest=28:05:A5:34:99:34 via=28:05:A5:34:99:34 hops=1 metric=45 state=2 expires=54101
I (24808) aodv_en_app: RSSIPROBE src=28:05:A5:33:B9:EC rssi=-75
I (25578) aodv_en_app: RSSIPROBE src=28:05:A5:34:99:34 rssi=-68
I (25638) aodv_en_app: RSSIPROBE src=28:05:A5:33:D6:1C rssi=-67
I (25818) aodv_en_app: RSSIPROBE src=28:05:A5:33:B9:EC rssi=-76
I (26578) aodv_en_app: RSSIPROBE src=28:05:A5:34:99:34 rssi=-69
I (26648) aodv_en_app: RSSIPROBE src=28:05:A5:33:D6:1C rssi=-67
I (26808) aodv_en_app: RSSIPROBE src=28:05:A5:33:B9:EC rssi=-75
I (27578) aodv_en_app: RSSIPROBE src=28:05:A5:34:99:34 rssi=-68
I (27648) aodv_en_app: RSSIPROBE src=28:05:A5:33:D6:1C rssi=-67
I (27698) aodv_en_app: RSSISELF self=28:05:A5:33:EB:80
I (27698) aodv_en_app: routes=3 neighbors=3 tx=27 rx=77 delivered=0 control=27 acks=0
I (27698) aodv_en_app: route[0] dest=28:05:A5:33:B9:EC via=28:05:A5:33:B9:EC hops=1 metric=62 state=2 expires=56331
I (27708) aodv_en_app: route[1] dest=28:05:A5:33:D6:1C via=28:05:A5:33:D6:1C hops=1 metric=25 state=2 expires=31941
I (27718) aodv_en_app: route[2] dest=28:05:A5:34:99:34 via=28:05:A5:34:99:34 hops=1 metric=45 state=2 expires=57101
I (27808) aodv_en_app: RSSIPROBE src=28:05:A5:33:B9:EC rssi=-75
I (28578) aodv_en_app: RSSIPROBE src=28:05:A5:34:99:34 rssi=-69
I (28638) aodv_en_app: RSSIPROBE src=28:05:A5:33:D6:1C rssi=-67
I (28818) aodv_en_app: RSSIPROBE src=28:05:A5:33:B9:EC rssi=-76
I (29578) aodv_en_app: RSSIPROBE src=28:05:A5:34:99:34 rssi=-69
I (29648) aodv_en_app: RSSIPROBE src=28:05:A5:33:D6:1C rssi=-67
I (29818) aodv_en_app: RSSIPROBE src=28:05:A5:33:B9:EC rssi=-75
I (30578) aodv_en_app: RSSIPROBE src=28:05:A5:34:99:34 rssi=-69
I (30648) aodv_en_app: RSSIPROBE src=28:05:A5:33:D6:1C rssi=-67
I (30698) aodv_en_app: RSSISELF self=28:05:A5:33:EB:80
I (30698) aodv_en_app: routes=3 neighbors=3 tx=30 rx=86 delivered=0 control=30 acks=0
I (30698) aodv_en_app: route[0] dest=28:05:A5:33:B9:EC via=28:05:A5:33:B9:EC hops=1 metric=62 state=2 expires=59341
I (30708) aodv_en_app: route[1] dest=28:05:A5:33:D6:1C via=28:05:A5:33:D6:1C hops=1 metric=25 state=2 expires=31941
I (30718) aodv_en_app: route[2] dest=28:05:A5:34:99:34 via=28:05:A5:34:99:34 hops=1 metric=45 state=2 expires=60101
I (30818) aodv_en_app: RSSIPROBE src=28:05:A5:33:B9:EC rssi=-76
I (31578) aodv_en_app: RSSIPROBE src=28:05:A5:34:99:34 rssi=-69
I (31648) aodv_en_app: RSSIPROBE src=28:05:A5:33:D6:1C rssi=-67
I (31818) aodv_en_app: RSSIPROBE src=28:05:A5:33:B9:EC rssi=-76
I (32578) aodv_en_app: RSSIPROBE src=28:05:A5:34:99:34 rssi=-68
I (32648) aodv_en_app: RSSIPROBE src=28:05:A5:33:D6:1C rssi=-67
I (32818) aodv_en_app: RSSIPROBE src=28:05:A5:33:B9:EC rssi=-75
I (33578) aodv_en_app: RSSIPROBE src=28:05:A5:34:99:34 rssi=-69
I (33638) aodv_en_app: RSSIPROBE src=28:05:A5:33:D6:1C rssi=-67
I (33698) aodv_en_app: RSSISELF self=28:05:A5:33:EB:80
I (33698) aodv_en_app: routes=3 neighbors=3 tx=33 rx=95 delivered=0 control=33 acks=0
I (33698) aodv_en_app: route[0] dest=28:05:A5:33:B9:EC via=28:05:A5:33:B9:EC hops=1 metric=62 state=2 expires=62341
I (33708) aodv_en_app: route[1] dest=28:05:A5:34:99:34 via=28:05:A5:34:99:34 hops=1 metric=45 state=2 expires=63101
I (33718) aodv_en_app: route[2] dest=28:05:A5:33:D6:1C via=28:05:A5:33:D6:1C hops=1 metric=33 state=2 expires=63161
I (33818) aodv_en_app: RSSIPROBE src=28:05:A5:33:B9:EC rssi=-76
I (34578) aodv_en_app: RSSIPROBE src=28:05:A5:34:99:34 rssi=-69
I (34638) aodv_en_app: RSSIPROBE src=28:05:A5:33:D6:1C rssi=-67
I (34808) aodv_en_app: RSSIPROBE src=28:05:A5:33:B9:EC rssi=-76
I (35578) aodv_en_app: RSSIPROBE src=28:05:A5:34:99:34 rssi=-69
I (35638) aodv_en_app: RSSIPROBE src=28:05:A5:33:D6:1C rssi=-67
I (35818) aodv_en_app: RSSIPROBE src=28:05:A5:33:B9:EC rssi=-76
I (36578) aodv_en_app: RSSIPROBE src=28:05:A5:34:99:34 rssi=-68
I (36638) aodv_en_app: RSSIPROBE src=28:05:A5:33:D6:1C rssi=-67
I (36698) aodv_en_app: RSSISELF self=28:05:A5:33:EB:80
I (36698) aodv_en_app: routes=3 neighbors=3 tx=36 rx=104 delivered=0 control=36 acks=0
I (36698) aodv_en_app: route[0] dest=28:05:A5:33:B9:EC via=28:05:A5:33:B9:EC hops=1 metric=62 state=2 expires=65341
I (36708) aodv_en_app: route[1] dest=28:05:A5:34:99:34 via=28:05:A5:34:99:34 hops=1 metric=45 state=2 expires=66101
I (36718) aodv_en_app: route[2] dest=28:05:A5:33:D6:1C via=28:05:A5:33:D6:1C hops=1 metric=33 state=2 expires=66161
I (36808) aodv_en_app: RSSIPROBE src=28:05:A5:33:B9:EC rssi=-75
I (37578) aodv_en_app: RSSIPROBE src=28:05:A5:34:99:34 rssi=-69
I (37638) aodv_en_app: RSSIPROBE src=28:05:A5:33:D6:1C rssi=-67
I (37808) aodv_en_app: RSSIPROBE src=28:05:A5:33:B9:EC rssi=-75
I (38578) aodv_en_app: RSSIPROBE src=28:05:A5:34:99:34 rssi=-69
I (38648) aodv_en_app: RSSIPROBE src=28:05:A5:33:D6:1C rssi=-66
I (38818) aodv_en_app: RSSIPROBE src=28:05:A5:33:B9:EC rssi=-75
I (39578) aodv_en_app: RSSIPROBE src=28:05:A5:34:99:34 rssi=-69
I (39658) aodv_en_app: RSSIPROBE src=28:05:A5:33:D6:1C rssi=-67
I (39698) aodv_en_app: RSSISELF self=28:05:A5:33:EB:80
I (39698) aodv_en_app: routes=3 neighbors=3 tx=39 rx=113 delivered=0 control=39 acks=0
I (39698) aodv_en_app: route[0] dest=28:05:A5:33:B9:EC via=28:05:A5:33:B9:EC hops=1 metric=62 state=2 expires=68341
I (39708) aodv_en_app: route[1] dest=28:05:A5:34:99:34 via=28:05:A5:34:99:34 hops=1 metric=45 state=2 expires=69101
I (39718) aodv_en_app: route[2] dest=28:05:A5:33:D6:1C via=28:05:A5:33:D6:1C hops=1 metric=33 state=2 expires=69181
I (39818) aodv_en_app: RSSIPROBE src=28:05:A5:33:B9:EC rssi=-76
I (40588) aodv_en_app: RSSIPROBE src=28:05:A5:34:99:34 rssi=-69
I (40648) aodv_en_app: RSSIPROBE src=28:05:A5:33:D6:1C rssi=-66
I (40818) aodv_en_app: RSSIPROBE src=28:05:A5:33:B9:EC rssi=-75
I (41578) aodv_en_app: RSSIPROBE src=28:05:A5:34:99:34 rssi=-70
I (41648) aodv_en_app: RSSIPROBE src=28:05:A5:33:D6:1C rssi=-67
I (41818) aodv_en_app: RSSIPROBE src=28:05:A5:33:B9:EC rssi=-76
I (42578) aodv_en_app: RSSIPROBE src=28:05:A5:34:99:34 rssi=-68
I (42648) aodv_en_app: RSSIPROBE src=28:05:A5:33:D6:1C rssi=-66
I (42698) aodv_en_app: RSSISELF self=28:05:A5:33:EB:80
I (42698) aodv_en_app: routes=3 neighbors=3 tx=42 rx=122 delivered=0 control=42 acks=0
I (42698) aodv_en_app: route[0] dest=28:05:A5:33:B9:EC via=28:05:A5:33:B9:EC hops=1 metric=62 state=2 expires=71341
I (42708) aodv_en_app: route[1] dest=28:05:A5:34:99:34 via=28:05:A5:34:99:34 hops=1 metric=45 state=2 expires=72101
I (42718) aodv_en_app: route[2] dest=28:05:A5:33:D6:1C via=28:05:A5:33:D6:1C hops=1 metric=33 state=2 expires=72171
I (42808) aodv_en_app: RSSIPROBE src=28:05:A5:33:B9:EC rssi=-76
I (43578) aodv_en_app: RSSIPROBE src=28:05:A5:34:99:34 rssi=-69
I (43658) aodv_en_app: RSSIPROBE src=28:05:A5:33:D6:1C rssi=-66
I (43808) aodv_en_app: RSSIPROBE src=28:05:A5:33:B9:EC rssi=-75
I (44578) aodv_en_app: RSSIPROBE src=28:05:A5:34:99:34 rssi=-69
