I (16467) aodv_en_app: RSSIPROBE src=28:05:A5:34:99:34 rssi=-85
I (16527) aodv_en_app: RSSIPROBE src=28:05:A5:33:D6:1C rssi=-73
I (16587) aodv_en_app: RSSIPROBE src=28:05:A5:33:EB:80 rssi=-75
I (17467) aodv_en_app: RSSIPROBE src=28:05:A5:34:99:34 rssi=-85
I (17527) aodv_en_app: RSSIPROBE src=28:05:A5:33:D6:1C rssi=-72
I (17587) aodv_en_app: RSSIPROBE src=28:05:A5:33:EB:80 rssi=-75
I (18467) aodv_en_app: RSSIPROBE src=28:05:A5:34:99:34 rssi=-84
I (18527) aodv_en_app: RSSIPROBE src=28:05:A5:33:D6:1C rssi=-73
I (18587) aodv_en_app: RSSIPROBE src=28:05:A5:33:EB:80 rssi=-75
I (18687) aodv_en_app: RSSISELF self=28:05:A5:33:B9:EC
I (18687) aodv_en_app: routes=3 neighbors=3 tx=18 rx=48 delivered=0 control=18 acks=0
I (18687) aodv_en_app: route[0] dest=28:05:A5:33:D6:1C via=28:05:A5:33:D6:1C hops=1 metric=42 state=2 expires=33821
I (18697) aodv_en_app: route[1] dest=28:05:A5:34:99:34 via=28:05:A5:34:99:34 hops=1 metric=88 state=2 expires=47991
I (18707) aodv_en_app: route[2] dest=28:05:A5:33:EB:80 via=28:05:A5:33:EB:80 hops=1 metric=65 state=2 expires=48111
I (19467) aodv_en_app: RSSIPROBE src=28:05:A5:34:99:34 rssi=-85
I (19527) aodv_en_app: RSSIPROBE src=28:05:A5:33:D6:1C rssi=-72
I (19587) aodv_en_app: RSSIPROBE src=28:05:A5:33:EB:80 rssi=-75
I (20467) aodv_en_app: RSSIPROBE src=28:05:A5:34:99:34 rssi=-85
I (20527) aodv_en_app: RSSIPROBE src=28:05:A5:33:D6:1C rssi=-72
I (20587) aodv_en_app: RSSIPROBE src=28:05:A5:33:EB:80 rssi=-75
I (21467) aodv_en_app: RSSIPROBE src=28:05:A5:34:99:34 rssi=-84
I (21537) aodv_en_app: RSSIPROBE src=28:05:A5:33:D6:1C rssi=-72
I (21587) aodv_en_app: RSSIPROBE src=28:05:A5:33:EB:80 rssi=-75
I (21687) aodv_en_app: RSSISELF self=28:05:A5:33:B9:EC
I (21687) aodv_en_app: routes=3 neighbors=3 tx=21 rx=57 delivered=0 control=21 acks=0
I (21687) aodv_en_app: route[0] dest=28:05:A5:33:D6:1C via=28:05:A5:33:D6:1C hops=1 metric=42 state=2 expires=33821
I (21697) aodv_en_app: route[1] dest=28:05:A5:34:99:34 via=28:05:A5:34:99:34 hops=1 metric=88 state=2 expires=50991
I (21707) aodv_en_app: route[2] dest=28:05:A5:33:EB:80 via=28:05:A5:33:EB:80 hops=1 metric=65 state=2 expires=51111
I (22467) aodv_en_app: RSSIPROBE src=28:05:A5:34:99:34 rssi=-84
I (22527) aodv_en_app: RSSIPROBE src=28:05:A5:33:D6:1C rssi=-73
I (22587) aodv_en_app: RSSIPROBE src=28:05:A5:33:EB:80 rssi=-75
I (23467) aodv_en_app: RSSIPROBE src=28:05:A5:34:99:34 rssi=-83
I (23527) aodv_en_app: RSSIPROBE src=28:05:A5:33:D6:1C rssi=-73
I (23587) aodv_en_app: RSSIPROBE src=28:05:A5:33:EB:80 rssi=-75
I (24467) aodv_en_app: RSSIPROBE src=28:05:A5:34:99:34 rssi=-83
I (24527) aodv_en_app: RSSIPROBE src=28:05:A5:33:D6:1C rssi=-73
I (24587) aodv_en_app: RSSIPROBE src=28:05:A5:33:EB:80 rssi=-75
I (24687) aodv_en_app: RSSISELF self=28:05:A5:33:B9:EC
I (24687) aodv_en_app: routes=3 neighbors=3 tx=24 rx=66 delivered=0 control=24 acks=0
I (24687) aodv_en_app: route[0] dest=28:05:A5:33:D6:1C via=28:05:A5:33:D6:1C hops=1 metric=42 state=2 expires=33821
I (24697) aodv_en_app: route[1] dest=28:05:A5:34:99:34 via=28:05:A5:34:99:34 hops=1 metric=88 state=2 expires=53991
I (24707) aodv_en_app: route[2] dest=28:05:A5:33:EB:80 via=28:05:A5:33:EB:80 hops=1 metric=65 state=2 expires=54111
I (25467) aodv_en_app: RSSIPROBE src=28:05:A5:34:99:34 rssi=-84
I (25527) aodv_en_app: RSSIPROBE src=28:05:A5:33:D6:1C rssi=-73
I (25587) aodv_en_app: RSSIPROBE src=28:05:A5:33:EB:80 rssi=-75
I (26467) aodv_en_app: RSSIPROBE src=28:05:A5:34:99:34 rssi=-85
I (26527) aodv_en_app: RSSIPROBE src=28:05:A5:33:D6:1C rssi=-73
I (26587) aodv_en_app: RSSIPROBE src=28:05:A5:33:EB:80 rssi=-74
I (27467) aodv_en_app: RSSIPROBE src=28:05:A5:34:99:34 rssi=-85
I (27527) aodv_en_app: RSSIPROBE src=28:05:A5:33:D6:1C rssi=-73
I (27587) aodv_en_app: RSSIPROBE src=28:05:A5:33:EB:80 rssi=-75
I (27687) aodv_en_app: RSSISELF self=28:05:A5:33:B9:EC
I (27687) aodv_en_app: routes=3 neighbors=3 tx=27 rx=75 delivered=0 control=27 acks=0
I (27687) aodv_en_app: route[0] dest=28:05:A5:33:D6:1C via=28:05:A5:33:D6:1C hops=1 metric=42 state=2 expires=33821
I (27697) aodv_en_app: route[1] dest=28:05:A5:34:99:34 via=28:05:A5:34:99:34 hops=1 metric=88 state=2 expires=56991
I (27707) aodv_en_app: route[2] dest=28:05:A5:33:EB:80 via=28:05:A5:33:EB:80 hops=1 metric=62 state=2 expires=57111
I (28467) aodv_en_app: RSSIPROBE src=28:05:A5:34:99:34 rssi=-85
I (28527) aodv_en_app: RSSIPROBE src=28:05:A5:33:D6:1C rssi=-73
I (28587) aodv_en_app: RSSIPROBE src=28:05:A5:33:EB:80 rssi=-75
I (29467) aodv_en_app: RSSIPROBE src=28:05:A5:34:99:34 rssi=-84
I (29527) aodv_en_app: RSSIPROBE src=28:05:A5:33:D6:1C rssi=-73
I (29587) aodv_en_app: RSSIPROBE src=28:05:A5:33:EB:80 rssi=-74
I (30467) aodv_en_app: RSSIPROBE src=28:05:A5:34:99:34 rssi=-84
I (30527) aodv_en_app: RSSIPROBE src=28:05:A5:33:D6:1C rssi=-73
I (30587) aodv_en_app: RSSIPROBE src=28:05:A5:33:EB:80 rssi=-75
I (30687) aodv_en_app: RSSISELF self=28:05:A5:33:B9:EC
I (30687) aodv_en_app: routes=3 neighbors=3 tx=30 rx=84 delivered=0 control=30 acks=0
I (30687) aodv_en_app: route[0] dest=28:05:A5:33:D6:1C via=28:05:A5:33:D6:1C hops=1 metric=42 state=2 expires=33821
I (30697) aodv_en_app: route[1] dest=28:05:A5:34:99:34 via=28:05:A5:34:99:34 hops=1 metric=88 state=2 expires=59991
I (30707) aodv_en_app: route[2] dest=28:05:A5:33:EB:80 via=28:05:A5:33:EB:80 hops=1 metric=62 state=2 expires=60111
I (31467) aodv_en_app: RSSIPROBE src=28:05:A5:34:99:34 rssi=-85
I (31527) aodv_en_app: RSSIPROBE src=28:05:A5:33:D6:1C rssi=-73
I (31587) aodv_en_app: RSSIPROBE src=28:05:A5:33:EB:80 rssi=-74
I (32467) aodv_en_app: RSSIPROBE src=28:05:A5:34:99:34 rssi=-83
I (32527) aodv_en_app: RSSIPROBE src=28:05:A5:33:D6:1C rssi=-73
I (32587) aodv_en_app: RSSIPROBE src=28:05:A5:33:EB:80 rssi=-75
I (33467) aodv_en_app: RSSIPROBE src=28:05:A5:34:99:34 rssi=-84
I (33537) aodv_en_app: RSSIPROBE src=28:05:A5:33:D6:1C rssi=-73
I (33597) aodv_en_app: RSSIPROBE src=28:05:A5:33:EB:80 rssi=-75
I (33687) aodv_en_app: RSSISELF self=28:05:A5:33:B9:EC
I (33687) aodv_en_app: routes=3 neighbors=3 tx=33 rx=93 delivered=0 control=33 acks=0
I (33687) aodv_en_app: route[0] dest=28:05:A5:33:D6:1C via=28:05:A5:33:D6:1C hops=1 metric=42 state=2 expires=33821
I (33697) aodv_en_app: route[1] dest=28:05:A5:34:99:34 via=28:05:A5:34:99:34 hops=1 metric=88 state=2 expires=62991
I (33707) aodv_en_app: route[2] dest=28:05:A5:33:EB:80 via=28:05:A5:33:EB:80 hops=1 metric=62 state=2 expires=63121
I (34467) aodv_en_app: RSSIPROBE src=28:05:A5:34:99:34 rssi=-85
I (34527) aodv_en_app: RSSIPROBE src=28:05:A5:33:D6:1C rssi=-73
I (34587) aodv_en_app: RSSIPROBE src=28:05:A5:33:EB:80 rssi=-76
I (35467) aodv_en_app: RSSIPROBE src=28:05:A5:34:99:34 rssi=-84
I (35527) aodv_en_app: RSSIPROBE src=28:05:A5:33:D6:1C rssi=-73
I (35597) aodv_en_app: RSSIPROBE src=28:05:A5:33:EB:80 rssi=-75
I (36467) aodv_en_app: RSSIPROBE src=28:05:A5:34:99:34 rssi=-85
I (36527) aodv_en_app: RSSIPROBE src=28:05:A5:33:D6:1C rssi=-72
I (36587) aodv_en_app: RSSIPROBE src=28:05:A5:33:EB:80 rssi=-75
I (36687) aodv_en_app: RSSISELF self=28:05:A5:33:B9:EC
I (36687) aodv_en_app: routes=3 neighbors=3 tx=36 rx=102 delivered=0 control=36 acks=0
I (36687) aodv_en_app: route[0] dest=28:05:A5:34:99:34 via=28:05:A5:34:99:34 hops=1 metric=88 state=2 expires=65991
I (36697) aodv_en_app: route[1] dest=28:05:A5:33:EB:80 via=28:05:A5:33:EB:80 hops=1 metric=62 state=2 expires=66111
I (36707) aodv_en_app: route[2] dest=28:05:A5:33:D6:1C via=28:05:A5:33:D6:1C hops=1 metric=50 state=2 expires=66051
I (37467) aodv_en_app: RSSIPROBE src=28:05:A5:34:99:34 rssi=-79
I (37527) aodv_en_app: RSSIPROBE src=28:05:A5:33:D6:1C rssi=-72
I (37587) aodv_en_app: RSSIPROBE src=28:05:A5:33:EB:80 rssi=-75
I (38467) aodv_en_app: RSSIPROBE src=28:05:A5:34:99:34 rssi=-84
I (38527) aodv_en_app: RSSIPROBE src=28:05:A5:33:D6:1C rssi=-73
I (38587) aodv_en_app: RSSIPROBE src=28:05:A5:33:EB:80 rssi=-76
I (39527) aodv_en_app: RSSIPROBE src=28:05:A5:33:D6:1C rssi=-73
I (39587) aodv_en_app: RSSIPROBE src=28:05:A5:33:EB:80 rssi=-75
I (39687) aodv_en_app: RSSISELF self=28:05:A5:33:B9:EC
I (39687) aodv_en_app: routes=3 neighbors=3 tx=39 rx=110 delivered=0 control=39 acks=0
I (39687) aodv_en_app: route[0] dest=28:05:A5:34:99:34 via=28:05:A5:34:99:34 hops=1 metric=85 state=2 expires=67991
I (39697) aodv_en_app: route[1] dest=28:05:A5:33:EB:80 via=28:05:A5:33:EB:80 hops=1 metric=62 state=2 expires=69111
I (39707) aodv_en_app: route[2] dest=28:05:A5:33:D6:1C via=28:05:A5:33:D6:1C hops=1 metric=50 state=2 expires=69051
I (40467) aodv_en_app: RSSIPROBE src=28:05:A5:34:99:34 rssi=-85
I (40527) aodv_en_app: RSSIPROBE src=28:05:A5:33:D6:1C rssi=-73
I (40587) aodv_en_app: RSSIPROBE src=28:05:A5:33:EB:80 rssi=-74
I (41467) aodv_en_app: RSSIPROBE src=28:05:A5:34:99:34 rssi=-84
I (41537) aodv_en_app: RSSIPROBE src=28:05:A5:33:D6:1C rssi=-73
I (41587) aodv_en_app: RSSIPROBE src=28:05:A5:33:EB:80 rssi=-75
I (42467) aodv_en_app: RSSIPROBE src=28:05:A5:34:99:34 rssi=-84
I (42537) aodv_en_app: RSSIPROBE src=28:05:A5:33:D6:1C rssi=-73
I (42587) aodv_en_app: RSSIPROBE src=28:05:A5:33:EB:80 rssi=-74
I (42687) aodv_en_app: RSSISELF self=28:05:A5:33:B9:EC
I (42687) aodv_en_app: routes=3 neighbors=3 tx=42 rx=119 delivered=0 control=42 acks=0
I (42687) aodv_en_app: route[0] dest=28:05:A5:34:99:34 via=28:05:A5:34:99:34 hops=1 metric=85 state=2 expires=71991
I (42697) aodv_en_app: route[1] dest=28:05:A5:33:EB:80 via=28:05:A5:33:EB:80 hops=1 metric=62 state=2 expires=72111
I (42707) aodv_en_app: route[2] dest=28:05:A5:33:D6:1C via=28:05:A5:33:D6:1C hops=1 metric=50 state=2 expires=72061
I (43467) aodv_en_app: RSSIPROBE src=28:05:A5:34:99:34 rssi=-85
I (43527) aodv_en_app: RSSIPROBE src=28:05:A5:33:D6:1C rssi=-73
I (43587) aodv_en_app: RSSIPROBE src=28:05:A5:33:EB:80 rssi=-75
I (44467) aodv_en_app: RSSIPROBE src=28:05:A5:34:99:34 rssi=-84
I (44527) aodv_en_app: RSSIPROBE src=28:05:A5:33:D6:1C rssi=-72
I (44587) aodv_en_app: RSSIPROBE src=28:05:A5:33:EB:80 rssi=-74
I (45467) aodv_en_app: RSSIPROBE src=28:05:A5:34:99:34 rssi=-82
I (45537) aodv_en_app: RSSIPROBE src=28:05:A5:33:D6:1C rssi=-73
I (45587) aodv_en_app: RSSIPROBE src=28:05:A5:33:EB:80 rssi=-74
I (45687) aodv_en_app: RSSISELF self=28:05:A5:33:B9:EC
I (45687) aodv_en_app: routes=3 neighbors=3 tx=45 rx=128 delivered=0 control=45 acks=0
I (45687) aodv_en_app: route[0] dest=28:05:A5:34:99:34 via=28:05:A5:34:99:34 hops=1 metric=85 state=2 expires=74991
I (45697) aodv_en_app: route[1] dest=28:05:A5:33:EB:80 via=28:05:A5:33:EB:80 hops=1 metric=62 state=2 expires=75111
I (45707) aodv_en_app: route[2] dest=28:05:A5:33:D6:1C via=28:05:A5:33:D6:1C hops=1 metric=50 state=2 expires=75061
I (46467) aodv_en_app: RSSIPROBE src=28:05:A5:34:99:34 rssi=-85
